------------------------------------------------------------
Timing Analyzer Summary
------------------------------------------------------------

Type  : Slow 1100mV 85C Model Setup 'debouncer:inst21|out_key'
Slack : -4.635
TNS   : -58.695

Type  : Slow 1100mV 85C Model Setup 'CLK_FPGA'
Slack : -4.485
TNS   : -40.085

Type  : Slow 1100mV 85C Model Hold 'CLK_FPGA'
Slack : 0.426
TNS   : 0.000

Type  : Slow 1100mV 85C Model Hold 'debouncer:inst21|out_key'
Slack : 1.009
TNS   : 0.000

Type  : Slow 1100mV 85C Model Recovery 'debouncer:inst21|out_key'
Slack : -3.469
TNS   : -27.708

Type  : Slow 1100mV 85C Model Removal 'debouncer:inst21|out_key'
Slack : 1.815
TNS   : 0.000

Type  : Slow 1100mV 85C Model Minimum Pulse Width 'debouncer:inst21|out_key'
Slack : -2.636
TNS   : -45.431

Type  : Slow 1100mV 85C Model Minimum Pulse Width 'CLK_FPGA'
Slack : -0.538
TNS   : -14.210

Type  : Slow 1100mV 0C Model Setup 'debouncer:inst21|out_key'
Slack : -4.775
TNS   : -60.271

Type  : Slow 1100mV 0C Model Setup 'CLK_FPGA'
Slack : -4.602
TNS   : -38.626

Type  : Slow 1100mV 0C Model Hold 'CLK_FPGA'
Slack : 0.428
TNS   : 0.000

Type  : Slow 1100mV 0C Model Hold 'debouncer:inst21|out_key'
Slack : 1.001
TNS   : 0.000

Type  : Slow 1100mV 0C Model Recovery 'debouncer:inst21|out_key'
Slack : -3.612
TNS   : -28.845

Type  : Slow 1100mV 0C Model Removal 'debouncer:inst21|out_key'
Slack : 1.869
TNS   : 0.000

Type  : Slow 1100mV 0C Model Minimum Pulse Width 'debouncer:inst21|out_key'
Slack : -2.636
TNS   : -45.210

Type  : Slow 1100mV 0C Model Minimum Pulse Width 'CLK_FPGA'
Slack : -0.538
TNS   : -14.248

Type  : Fast 1100mV 85C Model Setup 'CLK_FPGA'
Slack : -2.515
TNS   : -13.043

Type  : Fast 1100mV 85C Model Setup 'debouncer:inst21|out_key'
Slack : -1.981
TNS   : -24.326

Type  : Fast 1100mV 85C Model Hold 'CLK_FPGA'
Slack : 0.198
TNS   : 0.000

Type  : Fast 1100mV 85C Model Hold 'debouncer:inst21|out_key'
Slack : 0.434
TNS   : 0.000

Type  : Fast 1100mV 85C Model Recovery 'debouncer:inst21|out_key'
Slack : -1.403
TNS   : -11.205

Type  : Fast 1100mV 85C Model Removal 'debouncer:inst21|out_key'
Slack : 0.957
TNS   : 0.000

Type  : Fast 1100mV 85C Model Minimum Pulse Width 'debouncer:inst21|out_key'
Slack : -2.174
TNS   : -31.152

Type  : Fast 1100mV 85C Model Minimum Pulse Width 'CLK_FPGA'
Slack : -0.358
TNS   : -1.992

Type  : Fast 1100mV 0C Model Setup 'CLK_FPGA'
Slack : -2.160
TNS   : -10.168

Type  : Fast 1100mV 0C Model Setup 'debouncer:inst21|out_key'
Slack : -1.881
TNS   : -23.094

Type  : Fast 1100mV 0C Model Hold 'CLK_FPGA'
Slack : 0.189
TNS   : 0.000

Type  : Fast 1100mV 0C Model Hold 'debouncer:inst21|out_key'
Slack : 0.390
TNS   : 0.000

Type  : Fast 1100mV 0C Model Recovery 'debouncer:inst21|out_key'
Slack : -1.352
TNS   : -10.796

Type  : Fast 1100mV 0C Model Removal 'debouncer:inst21|out_key'
Slack : 0.934
TNS   : 0.000

Type  : Fast 1100mV 0C Model Minimum Pulse Width 'debouncer:inst21|out_key'
Slack : -2.174
TNS   : -31.066

Type  : Fast 1100mV 0C Model Minimum Pulse Width 'CLK_FPGA'
Slack : -0.349
TNS   : -2.004

------------------------------------------------------------
